[24/08/26 12:54:53] info: Program: Starting Squirrel Updater: --checkForUpdate https://central.github.com/api/deployments/desktop/desktop/latest?version=3.6.4&env=production&guid=53de35f3-2246-4481-ae3f-6638c96316a6
[24/08/26 12:54:53] info: Program: Fetching update information, downloading from https://central.github.com/api/deployments/desktop/desktop/latest?version=3.6.4&env=production&guid=53de35f3-2246-4481-ae3f-6638c96316a6
[24/08/26 12:54:53] warn: SingleGlobalInstance: Failed to grab lockfile, will retry: C:\Users\divya\AppData\Local\Temp\.squirrel-lock-9BA58E8DB609DAEB5014D9816987144C85ADDBBD: System.IO.IOException: The process cannot access the file 'C:\Users\divya\AppData\Local\Temp\.squirrel-lock-9BA58E8DB609DAEB5014D9816987144C85ADDBBD' because it is being used by another process.
   at System.IO.__Error.WinIOError(Int32 errorCode, String maybeFullPath)
   at System.IO.FileStream.Init(String path, FileMode mode, FileAccess access, Int32 rights, Boolean useRights, FileShare share, Int32 bufferSize, FileOptions options, SECURITY_ATTRIBUTES secAttrs, String msgPath, Boolean bFromProxy, Boolean useLongPath, Boolean checkHost)
   at System.IO.FileStream..ctor(String path, FileMode mode, FileAccess access, FileShare share)
   at Squirrel.SingleGlobalInstance..ctor(String key, TimeSpan timeOut)
[24/08/26 12:54:53] warn: SingleGlobalInstance: Failed to grab lockfile, will retry: C:\Users\divya\AppData\Local\Temp\.squirrel-lock-9BA58E8DB609DAEB5014D9816987144C85ADDBBD: System.IO.IOException: The process cannot access the file 'C:\Users\divya\AppData\Local\Temp\.squirrel-lock-9BA58E8DB609DAEB5014D9816987144C85ADDBBD' because it is being used by another process.
   at System.IO.__Error.WinIOError(Int32 errorCode, String maybeFullPath)
   at System.IO.FileStream.Init(String path, FileMode mode, FileAccess access, Int32 rights, Boolean useRights, FileShare share, Int32 bufferSize, FileOptions options, SECURITY_ATTRIBUTES secAttrs, String msgPath, Boolean bFromProxy, Boolean useLongPath, Boolean checkHost)
   at System.IO.FileStream..ctor(String path, FileMode mode, FileAccess access, FileShare share)
   at Squirrel.SingleGlobalInstance..ctor(String key, TimeSpan timeOut)
[24/08/26 12:54:53] warn: SingleGlobalInstance: Failed to grab lockfile, will retry: C:\Users\divya\AppData\Local\Temp\.squirrel-lock-9BA58E8DB609DAEB5014D9816987144C85ADDBBD: System.IO.IOException: The process cannot access the file 'C:\Users\divya\AppData\Local\Temp\.squirrel-lock-9BA58E8DB609DAEB5014D9816987144C85ADDBBD' because it is being used by another process.
   at System.IO.__Error.WinIOError(Int32 errorCode, String maybeFullPath)
   at System.IO.FileStream.Init(String path, FileMode mode, FileAccess access, Int32 rights, Boolean useRights, FileShare share, Int32 bufferSize, FileOptions options, SECURITY_ATTRIBUTES secAttrs, String msgPath, Boolean bFromProxy, Boolean useLongPath, Boolean checkHost)
   at System.IO.FileStream..ctor(String path, FileMode mode, FileAccess access, FileShare share)
   at Squirrel.SingleGlobalInstance..ctor(String key, TimeSpan timeOut)
[24/08/26 12:54:53] info: CheckForUpdateImpl: Generated new staging user ID: 872b7509-eeb0-581f-bc85-935ef0a95ff5
[24/08/26 12:54:54] info: CheckForUpdateImpl: Downloading RELEASES file from https://central.github.com/api/deployments/desktop/desktop/latest?version=3.6.4&env=production&guid=53de35f3-2246-4481-ae3f-6638c96316a6
[24/08/26 12:54:54] info: FileDownloader: Downloading url: https://central.github.com/api/deployments/desktop/desktop/latest/RELEASES?version=3.6.4&env=production&guid=53de35f3-2246-4481-ae3f-6638c96316a6&id=GitHubDesktop&localVersion=3.6.4&arch=amd64
[24/08/26 12:54:55] info: Program: Finished Squirrel Updater
[25/08/26 12:47:44] info: Program: Starting Squirrel Updater: --checkForUpdate https://central.github.com/api/deployments/desktop/desktop/latest?version=3.6.4&env=production&guid=53de35f3-2246-4481-ae3f-6638c96316a6
[25/08/26 12:47:44] info: Program: Fetching update information, downloading from https://central.github.com/api/deployments/desktop/desktop/latest?version=3.6.4&env=production&guid=53de35f3-2246-4481-ae3f-6638c96316a6
[25/08/26 12:47:44] info: CheckForUpdateImpl: Using existing staging user ID: 872b7509-eeb0-581f-bc85-935ef0a95ff5
[25/08/26 12:47:44] info: CheckForUpdateImpl: Downloading RELEASES file from https://central.github.com/api/deployments/desktop/desktop/latest?version=3.6.4&env=production&guid=53de35f3-2246-4481-ae3f-6638c96316a6
[25/08/26 12:47:44] info: FileDownloader: Downloading url: https://central.github.com/api/deployments/desktop/desktop/latest/RELEASES?version=3.6.4&env=production&guid=53de35f3-2246-4481-ae3f-6638c96316a6&id=GitHubDesktop&localVersion=3.6.4&arch=amd64
[25/08/26 12:47:46] info: Program: Finished Squirrel Updater
[26/08/26 14:53:05] info: Program: Starting Squirrel Updater: --checkForUpdate https://central.github.com/api/deployments/desktop/desktop/latest?version=3.6.4&env=production&guid=53de35f3-2246-4481-ae3f-6638c96316a6
[26/08/26 14:53:05] info: Program: Fetching update information, downloading from https://central.github.com/api/deployments/desktop/desktop/latest?version=3.6.4&env=production&guid=53de35f3-2246-4481-ae3f-6638c96316a6
[26/08/26 14:53:05] info: CheckForUpdateImpl: Using existing staging user ID: 872b7509-eeb0-581f-bc85-935ef0a95ff5
[26/08/26 14:53:06] info: CheckForUpdateImpl: Downloading RELEASES file from https://central.github.com/api/deployments/desktop/desktop/latest?version=3.6.4&env=production&guid=53de35f3-2246-4481-ae3f-6638c96316a6
[26/08/26 14:53:06] info: FileDownloader: Downloading url: https://central.github.com/api/deployments/desktop/desktop/latest/RELEASES?version=3.6.4&env=production&guid=53de35f3-2246-4481-ae3f-6638c96316a6&id=GitHubDesktop&localVersion=3.6.4&arch=amd64
[26/08/26 14:53:07] info: Program: Finished Squirrel Updater
[04/09/26 18:22:37] info: Program: Starting Squirrel Updater: --checkForUpdate https://central.github.com/api/deployments/desktop/desktop/latest?version=3.6.4&env=production&guid=53de35f3-2246-4481-ae3f-6638c96316a6
[04/09/26 18:22:37] info: Program: Fetching update information, downloading from https://central.github.com/api/deployments/desktop/desktop/latest?version=3.6.4&env=production&guid=53de35f3-2246-4481-ae3f-6638c96316a6
[04/09/26 18:22:37] info: CheckForUpdateImpl: Using existing staging user ID: 872b7509-eeb0-581f-bc85-935ef0a95ff5
[04/09/26 18:22:37] info: CheckForUpdateImpl: Downloading RELEASES file from https://central.github.com/api/deployments/desktop/desktop/latest?version=3.6.4&env=production&guid=53de35f3-2246-4481-ae3f-6638c96316a6
[04/09/26 18:22:37] info: FileDownloader: Downloading url: https://central.github.com/api/deployments/desktop/desktop/latest/RELEASES?version=3.6.4&env=production&guid=53de35f3-2246-4481-ae3f-6638c96316a6&id=GitHubDesktop&localVersion=3.6.4&arch=amd64
[04/09/26 18:22:39] warn: UpdateInfo: Couldn't get release notes for:GitHubDesktop-3.6.5-delta.nupkg: System.IO.FileNotFoundException: Could not find file 'C:\Users\divya\AppData\Local\GitHubDesktop\packages\GitHubDesktop-3.6.5-delta.nupkg'.
File name: 'C:\Users\divya\AppData\Local\GitHubDesktop\packages\GitHubDesktop-3.6.5-delta.nupkg'
   at System.IO.__Error.WinIOError(Int32 errorCode, String maybeFullPath)
   at System.IO.FileStream.Init(String path, FileMode mode, FileAccess access, Int32 rights, Boolean useRights, FileShare share, Int32 bufferSize, FileOptions options, SECURITY_ATTRIBUTES secAttrs, String msgPath, Boolean bFromProxy, Boolean useLongPath, Boolean checkHost)
   at System.IO.FileStream..ctor(String path, FileMode mode, FileAccess access, FileShare share)
   at NuGet.ZipPackage.<>c__DisplayClass9_0.<.ctor>b__0()
   at NuGet.ZipPackage.EnsureManifest()
   at Squirrel.ReleaseEntry.GetReleaseNotes(String packageDirectory)
   at Squirrel.UpdateInfo.<FetchReleaseNotes>b__19_0(ReleaseEntry x)
[04/09/26 18:22:39] info: Program: Finished Squirrel Updater
